{
    "2022-0232977-01": {
        "STATUS": "PASS",
        "MESSAGES": []
    },
    "2022-0232977-02": {
        "STATUS": "PASS",
        "MESSAGES": []
    },
    "2022-0232977-03": {
        "STATUS": "FAIL",
        "MESSAGES": [
            "Value error: 'assembly_size' for 'Salmonella enterica' must be between 4300000 and 5200000, got: 4200000"
        ]
    },
    "2022-0232977-04": {
        "STATUS": "FAIL",
        "MESSAGES": [
            "Value error: 'assembly_size' for 'Salmonella enterica' must be between 4300000 and 5200000, got: 5300000"
        ]
    },
    "2022-0232977-05": {
        "STATUS": "PASS",
        "MESSAGES": []
    },
    "2022-0232977-06": {
        "STATUS": "PASS",
        "MESSAGES": []
    },
    "2022-0232977-07": {
        "STATUS": "FAIL",
        "MESSAGES": [
            "Value error: 'orthologs_found' for 'Salmonella enterica' must be at least 95, got: 90.0"
        ]
    },
    "2022-0232977-08": {
        "STATUS": "FAIL",
        "MESSAGES": [
            "Value error: 'duplicated_orthologs' for 'Salmonella enterica' must be at most 5, got: 15.2"
        ]
    },
    "2022-0232977-09": {
        "STATUS": "FAIL",
        "MESSAGES": [
            "Value error: 'majority_genus' for 'Salmonella enterica' must be in ['Salmonella'], got: Listeria"
        ]
    },
    "2022-0232977-10": {
        "STATUS": "FAIL",
        "MESSAGES": [
            "Value error: 'fraction_majority_genus' for 'Salmonella enterica' must be at least 0.9, got: 0.82"
        ]
    },
    "2022-0232978-01": {
        "STATUS": "PASS",
        "MESSAGES": []
    },
    "2022-0232979-01": {
        "STATUS": "PASS",
        "MESSAGES": []
    },
    "2022-0232980-01": {
        "STATUS": "PASS",
        "MESSAGES": []
    },
    "2022-0232980-02": {
        "STATUS": "PASS",
        "MESSAGES": []
    }
}