{
    "predicted_species": "Listeria monocytogenes",
    "fraction_majority_genus": 0.975
}