{
    "isolate_id": "2022-0232977-01",
    "expect_species": "Salmonella enterica",
    "seq_depth": 45.6,
    "ref_coverage": 0.99,
    "q30": 0.9,
    "N50": 284333,
    "L50": 5,
    "n_contigs_1kbp": 53,
    "assembly_size": 4960041,
    "GC_perc": 52.13,
    "orthologs_found": 98.4,
    "duplicated_orthologs": 0.0,
    "majority_genus": "Salmonella",
    "fraction_majority_genus": 0.9971668689656122,
    "majority_species": "Salmonella enterica",
    "fraction_majority_species": 0.9971575751364787
}