{
    "2022-0232977-01": {
        "STATUS": "PASS",
        "MESSAGES": []
    },
    "2022-0232977-02": {
        "STATUS": "FAIL",
        "MESSAGES": [
            "Message checksum",
            "Error message assembly"
        ]
    },
    "2022-0232977-03": {
        "STATUS": "FAIL",
        "MESSAGES": ["Error message checksum"]
    },
    "2022-0232977-04": {
        "STATUS": "FAIL",
        "MESSAGES": [
            "Error message metadata 1",
            "Error message metadata 2"
        ]
    }
}